{"_e":"root:init","_t":1788811952221,"format":"v0-jsonl","version":"57.0.22"}
{"_e":"env:mode","_t":1788811952221,"nodeEnv":"development","babelEnv":"development","mode":"development"}
{"_e":"env:load","_t":1788811952224,"mode":"development","files":[],"env":{}}
{"_e":"devserver:start","_t":1788811952418,"mode":"development","web":true,"baseUrl":"","asyncRoutes":false,"routerRoot":"../../../app","serverComponents":false,"serverActions":false,"serverRendering":false,"apiRoutes":false,"exporting":false}
{"_e":"metro:config","_t":1788811952690,"serverRoot":"../../..","projectRoot":"../../..","exporting":false,"flags":{"autolinkingModuleResolution":false,"serverActions":false,"serverComponents":false,"reactCompiler":false,"optimizeGraph":false,"treeshaking":false,"logbox":false}}
{"_e":"expo:dev-tools-plugin:load","_t":1788811952890,"plugins":[]}
{"_e":"metro:instantiate","_t":1788811955476,"atlas":false,"workers":8,"host":"::","port":8081}
{"_e":"root:init","_t":1788812052628,"format":"v0-jsonl","version":"57.0.22"}
{"_e":"env:mode","_t":1788812052628,"nodeEnv":"development","babelEnv":"development","mode":"development"}
{"_e":"env:load","_t":1788812052631,"mode":"development","files":[],"env":{}}
{"_e":"devserver:start","_t":1788812052818,"mode":"development","web":true,"baseUrl":"","asyncRoutes":false,"routerRoot":"../../../app","serverComponents":false,"serverActions":false,"serverRendering":false,"apiRoutes":false,"exporting":false}
{"_e":"metro:config","_t":1788812053070,"serverRoot":"../../..","projectRoot":"../../..","exporting":false,"flags":{"autolinkingModuleResolution":false,"serverActions":false,"serverComponents":false,"reactCompiler":false,"optimizeGraph":false,"treeshaking":false,"logbox":false}}
{"_e":"expo:dev-tools-plugin:load","_t":1788812053264,"plugins":[]}
{"_e":"metro:instantiate","_t":1788812055499,"atlas":false,"workers":8,"host":"::","port":8081}
{"_e":"root:init","_t":1788812312935,"format":"v0-jsonl","version":"57.0.22"}
{"_e":"env:mode","_t":1788812312935,"nodeEnv":"development","babelEnv":"development","mode":"development"}
{"_e":"env:load","_t":1788812312939,"mode":"development","files":[],"env":{}}
{"_e":"devserver:start","_t":1788812313128,"mode":"development","web":true,"baseUrl":"","asyncRoutes":false,"routerRoot":"../../../app","serverComponents":false,"serverActions":false,"serverRendering":false,"apiRoutes":false,"exporting":false}
{"_e":"metro:config","_t":1788812313393,"serverRoot":"../../..","projectRoot":"../../..","exporting":false,"flags":{"autolinkingModuleResolution":false,"serverActions":false,"serverComponents":false,"reactCompiler":false,"optimizeGraph":false,"treeshaking":false,"logbox":false}}
{"_e":"expo:dev-tools-plugin:load","_t":1788812313610,"plugins":[]}
{"_e":"metro:instantiate","_t":1788812315884,"atlas":false,"workers":8,"host":"::","port":8081}
{"_e":"root:init","_t":1788812465254,"format":"v0-jsonl","version":"57.0.22"}
{"_e":"env:mode","_t":1788812465257,"nodeEnv":"development","babelEnv":"development","mode":"development"}
{"_e":"env:load","_t":1788812465259,"mode":"development","files":[],"env":{}}
{"_e":"devserver:start","_t":1788812465482,"mode":"development","web":true,"baseUrl":"","asyncRoutes":false,"routerRoot":"../../../app","serverComponents":false,"serverActions":false,"serverRendering":false,"apiRoutes":false,"exporting":false}
{"_e":"metro:config","_t":1788812465744,"serverRoot":"../../..","projectRoot":"../../..","exporting":false,"flags":{"autolinkingModuleResolution":false,"serverActions":false,"serverComponents":false,"reactCompiler":false,"optimizeGraph":false,"treeshaking":false,"logbox":false}}
{"_e":"expo:dev-tools-plugin:load","_t":1788812465980,"plugins":[]}
{"_e":"metro:instantiate","_t":1788812468442,"atlas":false,"workers":8,"host":"::","port":8081}
{"_e":"metro:bundling:started","_t":1788812470695,"id":"1","platform":"web","environment":null,"entry":"index.ts"}
{"_e":"metro:bundling:progress","_t":1788812470696,"id":"1","progress":0,"total":1,"current":0}
{"_e":"metro:bundling:progress","_t":1788812470702,"id":"1","progress":0,"total":1,"current":0}
{"_e":"metro:bundling:progress","_t":1788812471263,"id":"1","progress":0.010000000000000002,"total":1,"current":1}
{"_e":"metro:bundling:progress","_t":1788812471364,"id":"1","progress":0.04000000000000001,"total":9,"current":2}
{"_e":"metro:bundling:progress","_t":1788812471501,"id":"1","progress":0.07438016528925619,"total":11,"current":3}
{"_e":"metro:bundling:progress","_t":1788812471947,"id":"1","progress":0.1322314049586777,"total":11,"current":4}
{"_e":"metro:bundling:progress","_t":1788812472555,"id":"1","progress":0.20661157024793386,"total":11,"current":5}
{"_e":"metro:bundling:progress","_t":1788812472656,"id":"1","progress":0.20661157024793386,"total":20,"current":8}
{"_e":"metro:bundling:progress","_t":1788812472764,"id":"1","progress":0.2722117202268431,"total":23,"current":12}
{"_e":"metro:bundling:progress","_t":1788812472865,"id":"1","progress":0.2722117202268431,"total":51,"current":19}
{"_e":"metro:bundling:progress","_t":1788812472967,"id":"1","progress":0.2760700948003448,"total":59,"current":31}
{"_e":"metro:bundling:progress","_t":1788812473067,"id":"1","progress":0.4306640625,"total":64,"current":42}
{"_e":"metro:bundling:progress","_t":1788812473172,"id":"1","progress":0.48393194706994325,"total":69,"current":48}
{"_e":"metro:bundling:progress","_t":1788812473273,"id":"1","progress":0.587114184516782,"total":77,"current":59}
{"_e":"metro:bundling:progress","_t":1788812473373,"id":"1","progress":0.658961937716263,"total":85,"current":69}
{"_e":"metro:bundling:progress","_t":1788812473473,"id":"1","progress":0.7425305568130375,"total":94,"current":81}
{"_e":"metro:bundling:progress","_t":1788812473578,"id":"1","progress":0.794039800019606,"total":101,"current":90}
{"_e":"metro:bundling:progress","_t":1788812473840,"id":"1","progress":0.794039800019606,"total":105,"current":92}
{"_e":"metro:bundling:progress","_t":1788812473943,"id":"1","progress":0.794039800019606,"total":174,"current":104}
{"_e":"metro:bundling:progress","_t":1788812474042,"id":"1","progress":0.794039800019606,"total":183,"current":117}
{"_e":"metro:bundling:progress","_t":1788812474142,"id":"1","progress":0.794039800019606,"total":189,"current":126}
{"_e":"metro:bundling:progress","_t":1788812474245,"id":"1","progress":0.794039800019606,"total":205,"current":138}
{"_e":"metro:bundling:progress","_t":1788812474350,"id":"1","progress":0.794039800019606,"total":213,"current":143}
{"_e":"metro:bundling:progress","_t":1788812474450,"id":"1","progress":0.794039800019606,"total":225,"current":158}
{"_e":"metro:bundling:progress","_t":1788812474551,"id":"1","progress":0.794039800019606,"total":244,"current":172}
{"_e":"metro:bundling:progress","_t":1788812474650,"id":"1","progress":0.794039800019606,"total":253,"current":183}
{"_e":"metro:bundling:progress","_t":1788812474752,"id":"1","progress":0.794039800019606,"total":255,"current":196}
{"_e":"metro:bundling:progress","_t":1788812474857,"id":"1","progress":0.794039800019606,"total":260,"current":206}
{"_e":"metro:bundling:progress","_t":1788812474957,"id":"1","progress":0.794039800019606,"total":269,"current":227}
{"_e":"metro:bundling:progress","_t":1788812475057,"id":"1","progress":0.794039800019606,"total":277,"current":241}
{"_e":"metro:bundling:progress","_t":1788812475157,"id":"1","progress":0.794039800019606,"total":292,"current":252}
{"_e":"metro:bundling:progress","_t":1788812475258,"id":"1","progress":0.794039800019606,"total":295,"current":261}
{"_e":"metro:bundling:progress","_t":1788812475387,"id":"1","progress":0.794039800019606,"total":302,"current":267}
{"_e":"metro:bundling:progress","_t":1788812475489,"id":"1","progress":0.794039800019606,"total":326,"current":278}
{"_e":"metro:bundling:progress","_t":1788812475591,"id":"1","progress":0.794039800019606,"total":328,"current":286}
{"_e":"metro:bundling:progress","_t":1788812475696,"id":"1","progress":0.7997006233970116,"total":331,"current":296}
{"_e":"metro:bundling:progress","_t":1788812475797,"id":"1","progress":0.8614507511922262,"total":334,"current":310}
{"_e":"metro:bundling:progress","_t":1788812475898,"id":"1","progress":0.936340830449827,"total":340,"current":329}
{"_e":"metro:bundling:progress","_t":1788812475999,"id":"1","progress":0.9777784713336038,"total":358,"current":354}
{"_e":"metro:bundling:progress","_t":1788812476098,"id":"1","progress":0.9944367284549314,"total":359,"current":358}
{"_e":"metro:bundling:progress","_t":1788812477448,"id":"1","progress":0.999,"total":359,"current":359}
{"_e":"metro:bundling:failed","_t":1788812477538,"id":"1","message":"Unable to resolve \"@expo/vector-icons\" from \"src/screens/NewProduct/index.tsx\"\n  1 | import React, { useState } from 'react';\n  2 | import { Alert } from 'react-native';\n> 3 | import { MaterialIcons } from '@expo/vector-icons';\n    |                                ^\n  4 | import theme from '../../theme';\n  5 |\n  6 | import { ","importStack":"\u001b[1mImport stack:\u001b[22m\n\n\u001b[90m \u001b[39msrc/screens/NewProduct/index.tsx\n\u001b[90m |\u001b[39m \u001b[36mimport\u001b[39m \u001b[32m\"@expo/vector-icons\"\u001b[39m\n\n\u001b[90m \u001b[39mApp.tsx\n\u001b[90m |\u001b[39m \u001b[36mimport\u001b[39m \u001b[32m\"./src/screens/NewProduct\"\u001b[39m\n\n\u001b[90m \u001b[39mindex.ts\n\u001b[90m |\u001b[39m \u001b[36mimport\u001b[39m \u001b[32m\"./App\"\u001b[39m\n\n\u001b[90m \u001b[39m\n\u001b[90m |\u001b[39m \u001b[36mimport\u001b[39m \u001b[32m\"./index.ts\"\u001b[39m\n","filename":null,"targetModuleName":"@expo/vector-icons","originModulePath":"src/screens/NewProduct/index.tsx"}
{"_e":"root:init","_t":1788812708793,"format":"v0-jsonl","version":"57.0.22"}
{"_e":"env:mode","_t":1788812708793,"nodeEnv":"development","babelEnv":"development","mode":"development"}
{"_e":"env:load","_t":1788812708796,"mode":"development","files":[],"env":{}}
{"_e":"devserver:start","_t":1788812709010,"mode":"development","web":true,"baseUrl":"","asyncRoutes":false,"routerRoot":"../../../app","serverComponents":false,"serverActions":false,"serverRendering":false,"apiRoutes":false,"exporting":false}
{"_e":"metro:config","_t":1788812709252,"serverRoot":"../../..","projectRoot":"../../..","exporting":false,"flags":{"autolinkingModuleResolution":false,"serverActions":false,"serverComponents":false,"reactCompiler":false,"optimizeGraph":false,"treeshaking":false,"logbox":false}}
{"_e":"expo:dev-tools-plugin:load","_t":1788812709483,"plugins":[]}
{"_e":"metro:instantiate","_t":1788812712109,"atlas":false,"workers":8,"host":"::","port":8081}
{"_e":"metro:bundling:started","_t":1788812723570,"id":"1","platform":"web","environment":null,"entry":"index.ts"}
{"_e":"metro:bundling:progress","_t":1788812723571,"id":"1","progress":0,"total":1,"current":0}
{"_e":"metro:bundling:progress","_t":1788812723587,"id":"1","progress":0,"total":1,"current":0}
{"_e":"metro:bundling:progress","_t":1788812724137,"id":"1","progress":0.010000000000000002,"total":1,"current":1}
{"_e":"metro:bundling:progress","_t":1788812724237,"id":"1","progress":0.04000000000000001,"total":9,"current":2}
{"_e":"metro:bundling:progress","_t":1788812724342,"id":"1","progress":0.1322314049586777,"total":11,"current":4}
{"_e":"metro:bundling:progress","_t":1788812725488,"id":"1","progress":0.20661157024793386,"total":11,"current":5}
{"_e":"metro:bundling:progress","_t":1788812725598,"id":"1","progress":0.20661157024793386,"total":17,"current":7}
{"_e":"metro:bundling:progress","_t":1788812725700,"id":"1","progress":0.4096,"total":25,"current":16}
{"_e":"metro:bundling:progress","_t":1788812725802,"id":"1","progress":0.4096,"total":58,"current":23}
{"_e":"metro:bundling:progress","_t":1788812725908,"id":"1","progress":0.4096,"total":68,"current":30}
{"_e":"metro:bundling:progress","_t":1788812726009,"id":"1","progress":0.4096,"total":73,"current":38}
{"_e":"metro:bundling:progress","_t":1788812726109,"id":"1","progress":0.4207450693937181,"total":74,"current":48}
{"_e":"metro:bundling:progress","_t":1788812726224,"id":"1","progress":0.4831945270672218,"total":82,"current":57}
{"_e":"metro:bundling:progress","_t":1788812726325,"id":"1","progress":0.5971074380165289,"total":88,"current":68}
{"_e":"metro:bundling:progress","_t":1788812726425,"id":"1","progress":0.7215863105561336,"total":93,"current":79}
{"_e":"metro:bundling:progress","_t":1788812726527,"id":"1","progress":0.7419860797960984,"total":101,"current":87}
{"_e":"metro:bundling:progress","_t":1788812726631,"id":"1","progress":0.8066700960219478,"total":108,"current":97}
{"_e":"metro:bundling:progress","_t":1788812726796,"id":"1","progress":0.8066700960219478,"total":109,"current":97}
{"_e":"metro:bundling:progress","_t":1788812726896,"id":"1","progress":0.8066700960219478,"total":184,"current":108}
{"_e":"metro:bundling:progress","_t":1788812727000,"id":"1","progress":0.8066700960219478,"total":193,"current":124}
{"_e":"metro:bundling:progress","_t":1788812727102,"id":"1","progress":0.8066700960219478,"total":198,"current":134}
{"_e":"metro:bundling:progress","_t":1788812727202,"id":"1","progress":0.8066700960219478,"total":205,"current":140}
{"_e":"metro:bundling:progress","_t":1788812727304,"id":"1","progress":0.8066700960219478,"total":214,"current":147}
{"_e":"metro:bundling:progress","_t":1788812727409,"id":"1","progress":0.8066700960219478,"total":224,"current":156}
{"_e":"metro:bundling:progress","_t":1788812727515,"id":"1","progress":0.8066700960219478,"total":235,"current":169}
{"_e":"metro:bundling:progress","_t":1788812727616,"id":"1","progress":0.8066700960219478,"total":244,"current":183}
{"_e":"metro:bundling:progress","_t":1788812727717,"id":"1","progress":0.8066700960219478,"total":255,"current":193}
{"_e":"metro:bundling:progress","_t":1788812727817,"id":"1","progress":0.8066700960219478,"total":259,"current":207}
{"_e":"metro:bundling:progress","_t":1788812727921,"id":"1","progress":0.8066700960219478,"total":265,"current":223}
{"_e":"metro:bundling:progress","_t":1788812728020,"id":"1","progress":0.8066700960219478,"total":274,"current":240}
{"_e":"metro:bundling:progress","_t":1788812728121,"id":"1","progress":0.8066700960219478,"total":284,"current":255}
{"_e":"metro:bundling:progress","_t":1788812728222,"id":"1","progress":0.8066700960219478,"total":297,"current":262}
{"_e":"metro:bundling:progress","_t":1788812728323,"id":"1","progress":0.8066700960219478,"total":311,"current":274}
{"_e":"metro:bundling:progress","_t":1788812728424,"id":"1","progress":0.8066700960219478,"total":328,"current":282}
{"_e":"metro:bundling:progress","_t":1788812728527,"id":"1","progress":0.8170422674927178,"total":333,"current":301}
{"_e":"metro:bundling:progress","_t":1788812728627,"id":"1","progress":0.8744180785061041,"total":339,"current":317}
{"_e":"metro:bundling:progress","_t":1788812728730,"id":"1","progress":0.9479106646829663,"total":341,"current":332}
{"_e":"metro:bundling:progress","_t":1788812728827,"id":"1","progress":0.9668531435975823,"total":359,"current":353}
{"_e":"metro:bundling:progress","_t":1788812728928,"id":"1","progress":0.9944367284549314,"total":359,"current":358}
{"_e":"metro:bundling:progress","_t":1788812730141,"id":"1","progress":0.999,"total":359,"current":359}
{"_e":"metro:bundling:failed","_t":1788812730209,"id":"1","message":"Unable to resolve \"@expo/vector-icons\" from \"src/screens/NewProduct/index.tsx\"\n  1 | import React, { useState } from 'react';\n  2 | import { Alert } from 'react-native';\n> 3 | import { MaterialIcons } from '@expo/vector-icons';\n    |                                ^\n  4 | import theme from '../../theme';\n  5 |\n  6 | import { ","importStack":"\u001b[1mImport stack:\u001b[22m\n\n\u001b[90m \u001b[39msrc/screens/NewProduct/index.tsx\n\u001b[90m |\u001b[39m \u001b[36mimport\u001b[39m \u001b[32m\"@expo/vector-icons\"\u001b[39m\n\n\u001b[90m \u001b[39mApp.tsx\n\u001b[90m |\u001b[39m \u001b[36mimport\u001b[39m \u001b[32m\"./src/screens/NewProduct\"\u001b[39m\n\n\u001b[90m \u001b[39mindex.ts\n\u001b[90m |\u001b[39m \u001b[36mimport\u001b[39m \u001b[32m\"./App\"\u001b[39m\n\n\u001b[90m \u001b[39m\n\u001b[90m |\u001b[39m \u001b[36mimport\u001b[39m \u001b[32m\"./index.ts\"\u001b[39m\n","filename":null,"targetModuleName":"@expo/vector-icons","originModulePath":"src/screens/NewProduct/index.tsx"}
{"_e":"root:init","_t":1788813520472,"format":"v0-jsonl","version":"57.0.22"}
{"_e":"env:mode","_t":1788813520472,"nodeEnv":"development","babelEnv":"development","mode":"development"}
{"_e":"env:load","_t":1788813520475,"mode":"development","files":[],"env":{}}
{"_e":"devserver:start","_t":1788813520712,"mode":"development","web":true,"baseUrl":"","asyncRoutes":false,"routerRoot":"../../../app","serverComponents":false,"serverActions":false,"serverRendering":false,"apiRoutes":false,"exporting":false}
{"_e":"metro:config","_t":1788813520974,"serverRoot":"../../..","projectRoot":"../../..","exporting":false,"flags":{"autolinkingModuleResolution":false,"serverActions":false,"serverComponents":false,"reactCompiler":false,"optimizeGraph":false,"treeshaking":false,"logbox":false}}
{"_e":"expo:dev-tools-plugin:load","_t":1788813521186,"plugins":[]}
{"_e":"metro:instantiate","_t":1788813523858,"atlas":false,"workers":8,"host":"::","port":8081}
{"_e":"metro:bundling:started","_t":1788813531014,"id":"1","platform":"web","environment":null,"entry":"index.ts"}
{"_e":"metro:bundling:progress","_t":1788813531015,"id":"1","progress":0,"total":1,"current":0}
{"_e":"metro:bundling:progress","_t":1788813531022,"id":"1","progress":0,"total":1,"current":0}
{"_e":"metro:bundling:progress","_t":1788813531616,"id":"1","progress":0.010000000000000002,"total":1,"current":1}
{"_e":"metro:bundling:progress","_t":1788813531716,"id":"1","progress":0.0625,"total":12,"current":3}
{"_e":"metro:bundling:progress","_t":1788813531817,"id":"1","progress":0.25,"total":16,"current":8}
{"_e":"metro:bundling:progress","_t":1788813531917,"id":"1","progress":0.25,"total":20,"current":10}
{"_e":"metro:bundling:progress","_t":1788813532018,"id":"1","progress":0.25,"total":22,"current":11}
{"_e":"metro:bundling:progress","_t":1788813532130,"id":"1","progress":0.29340277777777773,"total":24,"current":13}
{"_e":"metro:bundling:progress","_t":1788813532373,"id":"1","progress":0.34027777777777785,"total":24,"current":14}
{"_e":"metro:bundling:progress","_t":1788813532472,"id":"1","progress":0.34027777777777785,"total":28,"current":16}
{"_e":"metro:bundling:progress","_t":1788813532641,"id":"1","progress":0.3686224489795918,"total":28,"current":17}
{"_e":"metro:bundling:progress","_t":1788813532742,"id":"1","progress":0.3686224489795918,"total":32,"current":19}
{"_e":"metro:bundling:progress","_t":1788813532903,"id":"1","progress":0.390625,"total":32,"current":20}
{"_e":"metro:bundling:progress","_t":1788813533003,"id":"1","progress":0.390625,"total":40,"current":20}
{"_e":"metro:bundling:progress","_t":1788813533205,"id":"1","progress":0.390625,"total":40,"current":21}
{"_e":"metro:bundling:progress","_t":1788813533311,"id":"1","progress":0.390625,"total":48,"current":29}
{"_e":"metro:bundling:progress","_t":1788813533410,"id":"1","progress":0.390625,"total":75,"current":36}
{"_e":"metro:bundling:progress","_t":1788813533510,"id":"1","progress":0.390625,"total":82,"current":49}
{"_e":"metro:bundling:progress","_t":1788813533611,"id":"1","progress":0.4302231471846456,"total":93,"current":61}
{"_e":"metro:bundling:progress","_t":1788813533711,"id":"1","progress":0.5776,"total":100,"current":76}
{"_e":"metro:bundling:progress","_t":1788813533815,"id":"1","progress":0.6694214876033059,"total":110,"current":90}
{"_e":"metro:bundling:progress","_t":1788813534006,"id":"1","progress":0.6694214876033059,"total":134,"current":99}
{"_e":"metro:bundling:progress","_t":1788813534106,"id":"1","progress":0.6694214876033059,"total":198,"current":112}
{"_e":"metro:bundling:progress","_t":1788813534208,"id":"1","progress":0.6694214876033059,"total":231,"current":127}
{"_e":"metro:bundling:progress","_t":1788813534308,"id":"1","progress":0.6694214876033059,"total":244,"current":139}
{"_e":"metro:bundling:progress","_t":1788813534408,"id":"1","progress":0.6694214876033059,"total":255,"current":156}
{"_e":"metro:bundling:progress","_t":1788813534510,"id":"1","progress":0.6694214876033059,"total":265,"current":164}
{"_e":"metro:bundling:progress","_t":1788813534611,"id":"1","progress":0.6694214876033059,"total":277,"current":173}
{"_e":"metro:bundling:progress","_t":1788813534721,"id":"1","progress":0.6694214876033059,"total":287,"current":184}
{"_e":"metro:bundling:progress","_t":1788813534827,"id":"1","progress":0.6694214876033059,"total":291,"current":201}
{"_e":"metro:bundling:progress","_t":1788813534929,"id":"1","progress":0.6694214876033059,"total":293,"current":218}
{"_e":"metro:bundling:progress","_t":1788813535039,"id":"1","progress":0.6694214876033059,"total":299,"current":237}
{"_e":"metro:bundling:progress","_t":1788813535138,"id":"1","progress":0.6694214876033059,"total":320,"current":252}
{"_e":"metro:bundling:progress","_t":1788813535238,"id":"1","progress":0.6694214876033059,"total":327,"current":261}
{"_e":"metro:bundling:progress","_t":1788813535338,"id":"1","progress":0.7067898817448508,"total":339,"current":285}
{"_e":"metro:bundling:progress","_t":1788813535439,"id":"1","progress":0.7687621612302034,"total":349,"current":306}
{"_e":"metro:bundling:progress","_t":1788813535539,"id":"1","progress":0.8135332564398309,"total":357,"current":322}
{"_e":"metro:bundling:progress","_t":1788813535639,"id":"1","progress":0.8135332564398309,"total":373,"current":332}
{"_e":"metro:bundling:progress","_t":1788813535748,"id":"1","progress":0.832170948392938,"total":376,"current":343}
{"_e":"metro:bundling:progress","_t":1788813535850,"id":"1","progress":0.832170948392938,"total":383,"current":346}
{"_e":"metro:bundling:progress","_t":1788813535950,"id":"1","progress":0.832170948392938,"total":398,"current":358}
{"_e":"metro:bundling:progress","_t":1788813536053,"id":"1","progress":0.832170948392938,"total":409,"current":372}
{"_e":"metro:bundling:progress","_t":1788813536154,"id":"1","progress":0.8561823196400059,"total":415,"current":384}
{"_e":"metro:bundling:progress","_t":1788813536253,"id":"1","progress":0.9203143243057621,"total":418,"current":401}
{"_e":"metro:bundling:progress","_t":1788813536354,"id":"1","progress":0.9203143243057621,"total":443,"current":424}
{"_e":"metro:bundling:progress","_t":1788813536454,"id":"1","progress":0.9910913584183674,"total":448,"current":446}
{"_e":"metro:bundling:progress","_t":1788813536554,"id":"1","progress":0.9955406967474489,"total":448,"current":447}
{"_e":"metro:bundling:progress","_t":1788813538203,"id":"1","progress":0.999,"total":448,"current":448}
{"_e":"metro:bundling:progress","_t":1788813538304,"id":"1","progress":0.999,"total":450,"current":450}
{"_e":"metro:bundling:done","_t":1788813538450,"id":"1","total":450,"ms":7435.435371}
{"_e":"metro:client_log","_t":1788813538812,"level":"info","data":["%cDownload the React DevTools for a better development experience: https://react.dev/link/react-devtools","font-weight:bold"]}
{"_e":"metro:client_log","_t":1788813538813,"level":"log","data":["Running application \"main\" with appParams:\n","{\"hydrate\": undefined, \"rootTag\": \"#root\"}","\nDevelopment-level warnings: ON.\nPerformance optimizations: OFF."]}
{"_e":"metro:client_log","_t":1788813538813,"level":"warn","data":["\"shadow*\" style props are deprecated. Use \"boxShadow\"."]}
{"_e":"metro:bundling:started","_t":1788813643346,"id":"4","platform":"web","environment":null,"entry":"index.ts"}
{"_e":"root:init","_t":1788879951969,"format":"v0-jsonl","version":"57.0.22"}
{"_e":"env:mode","_t":1788879951970,"nodeEnv":"development","babelEnv":"development","mode":"development"}
{"_e":"env:load","_t":1788879951975,"mode":"development","files":[],"env":{}}
{"_e":"devserver:start","_t":1788879952298,"mode":"development","web":true,"baseUrl":"","asyncRoutes":false,"routerRoot":"../../../app","serverComponents":false,"serverActions":false,"serverRendering":false,"apiRoutes":false,"exporting":false}
{"_e":"metro:config","_t":1788879952756,"serverRoot":"../../..","projectRoot":"../../..","exporting":false,"flags":{"autolinkingModuleResolution":false,"serverActions":false,"serverComponents":false,"reactCompiler":false,"optimizeGraph":false,"treeshaking":false,"logbox":false}}
{"_e":"expo:dev-tools-plugin:load","_t":1788879953083,"plugins":[]}
{"_e":"metro:instantiate","_t":1788879955793,"atlas":false,"workers":8,"host":"::","port":8081}
{"_e":"metro:bundling:started","_t":1788880030682,"id":"1","platform":"web","environment":null,"entry":"index.ts"}
{"_e":"metro:bundling:progress","_t":1788880030685,"id":"1","progress":0,"total":1,"current":0}
{"_e":"metro:bundling:progress","_t":1788880030713,"id":"1","progress":0,"total":1,"current":0}
{"_e":"metro:bundling:progress","_t":1788880032111,"id":"1","progress":0.010000000000000002,"total":1,"current":1}
{"_e":"metro:bundling:progress","_t":1788880032212,"id":"1","progress":0.010000000000000002,"total":3,"current":1}
{"_e":"metro:bundling:progress","_t":1788880032243,"id":"1","progress":0.04000000000000001,"total":3,"current":2}
{"_e":"metro:bundling:progress","_t":1788880032344,"id":"1","progress":0.04000000000000001,"total":9,"current":2}
{"_e":"metro:bundling:progress","_t":1788880032450,"id":"1","progress":0.09,"total":9,"current":3}
{"_e":"metro:bundling:progress","_t":1788880032551,"id":"1","progress":0.09,"total":12,"current":3}
{"_e":"metro:bundling:progress","_t":1788880032576,"id":"1","progress":0.1111111111111111,"total":12,"current":4}
{"_e":"metro:bundling:progress","_t":1788880032679,"id":"1","progress":0.14792899408284024,"total":13,"current":5}
{"_e":"metro:bundling:progress","_t":1788880032778,"id":"1","progress":0.14792899408284024,"total":35,"current":7}
{"_e":"metro:bundling:progress","_t":1788880032879,"id":"1","progress":0.14792899408284024,"total":41,"current":10}
{"_e":"metro:bundling:progress","_t":1788880032984,"id":"1","progress":0.14792899408284024,"total":49,"current":12}
{"_e":"metro:bundling:progress","_t":1788880033062,"id":"1","progress":0.14792899408284024,"total":49,"current":13}
{"_e":"metro:bundling:progress","_t":1788880033163,"id":"1","progress":0.14792899408284024,"total":59,"current":15}
{"_e":"metro:bundling:progress","_t":1788880033268,"id":"1","progress":0.14792899408284024,"total":63,"current":18}
{"_e":"metro:bundling:progress","_t":1788880033369,"id":"1","progress":0.14792899408284024,"total":67,"current":19}
{"_e":"metro:bundling:progress","_t":1788880033428,"id":"1","progress":0.14792899408284024,"total":67,"current":20}
{"_e":"metro:bundling:progress","_t":1788880033531,"id":"1","progress":0.14792899408284024,"total":70,"current":22}
{"_e":"metro:bundling:progress","_t":1788880033654,"id":"1","progress":0.14792899408284024,"total":70,"current":24}
{"_e":"metro:bundling:progress","_t":1788880033755,"id":"1","progress":0.14792899408284024,"total":75,"current":25}
{"_e":"metro:bundling:progress","_t":1788880033818,"id":"1","progress":0.14792899408284024,"total":75,"current":26}
{"_e":"metro:bundling:progress","_t":1788880033919,"id":"1","progress":0.1867093430879439,"total":81,"current":35}
{"_e":"metro:bundling:progress","_t":1788880034020,"id":"1","progress":0.25606038612280446,"total":83,"current":42}
{"_e":"metro:bundling:progress","_t":1788880034120,"id":"1","progress":0.41326530612244905,"total":84,"current":54}
{"_e":"metro:bundling:progress","_t":1788880034221,"id":"1","progress":0.6327479338842975,"total":88,"current":70}
{"_e":"metro:bundling:progress","_t":1788880034323,"id":"1","progress":0.6327479338842975,"total":96,"current":76}
{"_e":"metro:bundling:progress","_t":1788880034427,"id":"1","progress":0.6400000000000001,"total":100,"current":80}
{"_e":"metro:bundling:progress","_t":1788880034527,"id":"1","progress":0.6400000000000001,"total":144,"current":87}
{"_e":"metro:bundling:progress","_t":1788880034631,"id":"1","progress":0.6400000000000001,"total":151,"current":97}
{"_e":"metro:bundling:progress","_t":1788880034732,"id":"1","progress":0.6400000000000001,"total":159,"current":103}
{"_e":"metro:bundling:progress","_t":1788880034833,"id":"1","progress":0.6400000000000001,"total":169,"current":116}
{"_e":"metro:bundling:progress","_t":1788880034937,"id":"1","progress":0.6400000000000001,"total":175,"current":130}
{"_e":"metro:bundling:progress","_t":1788880035036,"id":"1","progress":0.6400000000000001,"total":182,"current":141}
{"_e":"metro:bundling:progress","_t":1788880035143,"id":"1","progress":0.6400000000000001,"total":185,"current":145}
{"_e":"metro:bundling:progress","_t":1788880035365,"id":"1","progress":0.6400000000000001,"total":187,"current":146}
{"_e":"metro:bundling:progress","_t":1788880035487,"id":"1","progress":0.6400000000000001,"total":243,"current":164}
{"_e":"metro:bundling:progress","_t":1788880035588,"id":"1","progress":0.6400000000000001,"total":256,"current":177}
{"_e":"metro:bundling:progress","_t":1788880035689,"id":"1","progress":0.6400000000000001,"total":270,"current":196}
{"_e":"metro:bundling:progress","_t":1788880035789,"id":"1","progress":0.6400000000000001,"total":283,"current":208}
{"_e":"metro:bundling:progress","_t":1788880035893,"id":"1","progress":0.6400000000000001,"total":288,"current":219}
{"_e":"metro:bundling:progress","_t":1788880035994,"id":"1","progress":0.6400000000000001,"total":299,"current":234}
{"_e":"metro:bundling:progress","_t":1788880036094,"id":"1","progress":0.6660665972944849,"total":310,"current":253}
{"_e":"metro:bundling:progress","_t":1788880036195,"id":"1","progress":0.6859497911099401,"total":326,"current":270}
{"_e":"metro:bundling:progress","_t":1788880036295,"id":"1","progress":0.7078149091039478,"total":334,"current":281}
{"_e":"metro:bundling:progress","_t":1788880036395,"id":"1","progress":0.7548215454445002,"total":343,"current":298}
{"_e":"metro:bundling:progress","_t":1788880036495,"id":"1","progress":0.7686917904416668,"total":357,"current":313}
{"_e":"metro:bundling:progress","_t":1788880036595,"id":"1","progress":0.8154940493090139,"total":361,"current":326}
{"_e":"metro:bundling:progress","_t":1788880036698,"id":"1","progress":0.8188282726843099,"total":368,"current":333}
{"_e":"metro:bundling:progress","_t":1788880036797,"id":"1","progress":0.8188282726843099,"total":396,"current":345}
{"_e":"metro:bundling:progress","_t":1788880036898,"id":"1","progress":0.8188282726843099,"total":403,"current":358}
{"_e":"metro:bundling:progress","_t":1788880036999,"id":"1","progress":0.8188282726843099,"total":405,"current":364}
{"_e":"metro:bundling:progress","_t":1788880037106,"id":"1","progress":0.8292433895773531,"total":414,"current":377}
{"_e":"metro:bundling:progress","_t":1788880037205,"id":"1","progress":0.8791872976438994,"total":417,"current":391}
{"_e":"metro:bundling:progress","_t":1788880037305,"id":"1","progress":0.8791872976438994,"total":433,"current":405}
{"_e":"metro:bundling:progress","_t":1788880037405,"id":"1","progress":0.9113538083411747,"total":441,"current":421}
{"_e":"metro:bundling:progress","_t":1788880037508,"id":"1","progress":0.9687867693473047,"total":445,"current":438}
{"_e":"metro:bundling:progress","_t":1788880037609,"id":"1","progress":0.9955406967474489,"total":448,"current":447}
{"_e":"metro:bundling:progress","_t":1788880039932,"id":"1","progress":0.999,"total":448,"current":448}
{"_e":"metro:bundling:progress","_t":1788880040032,"id":"1","progress":0.999,"total":450,"current":449}
{"_e":"metro:bundling:progress","_t":1788880040163,"id":"1","progress":0.999,"total":450,"current":450}
{"_e":"metro:bundling:done","_t":1788880040412,"id":"1","total":450,"ms":9729.208769}
{"_e":"metro:client_log","_t":1788880040885,"level":"info","data":["%cDownload the React DevTools for a better development experience: https://react.dev/link/react-devtools","font-weight:bold"]}
{"_e":"metro:client_log","_t":1788880040887,"level":"log","data":["Running application \"main\" with appParams:\n","{\"hydrate\": undefined, \"rootTag\": \"#root\"}","\nDevelopment-level warnings: ON.\nPerformance optimizations: OFF."]}
{"_e":"metro:client_log","_t":1788880040888,"level":"warn","data":["\"shadow*\" style props are deprecated. Use \"boxShadow\"."]}
{"_e":"root:init","_t":1788880347769,"format":"v0-jsonl","version":"57.0.22"}
{"_e":"env:mode","_t":1788880347770,"nodeEnv":"development","babelEnv":"development","mode":"development"}
{"_e":"env:load","_t":1788880347773,"mode":"development","files":[],"env":{}}
{"_e":"devserver:start","_t":1788880348025,"mode":"development","web":true,"baseUrl":"","asyncRoutes":false,"routerRoot":"../../../app","serverComponents":false,"serverActions":false,"serverRendering":false,"apiRoutes":false,"exporting":false}
{"_e":"metro:config","_t":1788880348293,"serverRoot":"../../..","projectRoot":"../../..","exporting":false,"flags":{"autolinkingModuleResolution":false,"serverActions":false,"serverComponents":false,"reactCompiler":false,"optimizeGraph":false,"treeshaking":false,"logbox":false}}
{"_e":"expo:dev-tools-plugin:load","_t":1788880348494,"plugins":[]}
{"_e":"metro:instantiate","_t":1788880351479,"atlas":false,"workers":8,"host":"::","port":8081}
{"_e":"metro:bundling:started","_t":1788880364536,"id":"1","platform":"web","environment":null,"entry":"index.ts"}
{"_e":"metro:bundling:progress","_t":1788880364538,"id":"1","progress":0,"total":1,"current":0}
{"_e":"metro:bundling:progress","_t":1788880364559,"id":"1","progress":0,"total":1,"current":0}
{"_e":"metro:bundling:progress","_t":1788880364680,"id":"1","progress":0.12562089408748597,"total":79,"current":28}
{"_e":"metro:bundling:progress","_t":1788880364780,"id":"1","progress":0.22675736961451246,"total":231,"current":110}
{"_e":"metro:bundling:progress","_t":1788880364880,"id":"1","progress":0.5802553939011755,"total":298,"current":227}
{"_e":"metro:bundling:progress","_t":1788880364981,"id":"1","progress":0.7782623381497468,"total":365,"current":322}
{"_e":"metro:bundling:progress","_t":1788880365081,"id":"1","progress":0.8744048169378699,"total":416,"current":389}
{"_e":"metro:bundling:done","_t":1788880365165,"id":"1","total":416,"ms":628.2471}
{"_e":"metro:client_log","_t":1788880365492,"level":"info","data":["%cDownload the React DevTools for a better development experience: https://react.dev/link/react-devtools","font-weight:bold"]}
{"_e":"metro:client_log","_t":1788880365493,"level":"log","data":["Running application \"main\" with appParams:\n","{\"hydrate\": undefined, \"rootTag\": \"#root\"}","\nDevelopment-level warnings: ON.\nPerformance optimizations: OFF."]}
{"_e":"metro:client_log","_t":1788880365497,"level":"warn","data":["\"shadow*\" style props are deprecated. Use \"boxShadow\"."]}
{"_e":"metro:bundling:started","_t":1788880376463,"id":"3","platform":"web","environment":null,"entry":"index.ts"}
{"_e":"metro:bundling:progress","_t":1788880376464,"id":"3","progress":0,"total":1,"current":0}
{"_e":"metro:bundling:done","_t":1788880376507,"id":"3","total":1,"ms":43.567429}
{"_e":"metro:client_log","_t":1788880376863,"level":"log","data":["Running application \"main\" with appParams:\n","{\"hydrate\": undefined, \"rootTag\": \"#root\"}","\nDevelopment-level warnings: ON.\nPerformance optimizations: OFF."]}
{"_e":"metro:client_log","_t":1788880376864,"level":"warn","data":["\"shadow*\" style props are deprecated. Use \"boxShadow\"."]}
{"_e":"metro:bundling:started","_t":1788880441813,"id":"5","platform":"web","environment":null,"entry":"index.ts"}
{"_e":"metro:bundling:progress","_t":1788880441814,"id":"5","progress":0,"total":1,"current":0}
{"_e":"metro:bundling:done","_t":1788880441867,"id":"5","total":1,"ms":53.290193}
{"_e":"metro:bundling:started","_t":1788880441871,"id":"6","platform":"web","environment":null,"entry":"index.ts"}
{"_e":"metro:bundling:progress","_t":1788880441871,"id":"6","progress":0,"total":1,"current":0}
{"_e":"metro:bundling:done","_t":1788880441954,"id":"6","total":1,"ms":82.946818}
{"_e":"metro:client_log","_t":1788880442255,"level":"log","data":["Running application \"main\" with appParams:\n","{\"hydrate\": undefined, \"rootTag\": \"#root\"}","\nDevelopment-level warnings: ON.\nPerformance optimizations: OFF."]}
{"_e":"metro:client_log","_t":1788880442256,"level":"warn","data":["\"shadow*\" style props are deprecated. Use \"boxShadow\"."]}
{"_e":"metro:client_log","_t":1788880442350,"level":"log","data":["Running application \"main\" with appParams:\n","{\"hydrate\": undefined, \"rootTag\": \"#root\"}","\nDevelopment-level warnings: ON.\nPerformance optimizations: OFF."]}
{"_e":"metro:client_log","_t":1788880442351,"level":"warn","data":["\"shadow*\" style props are deprecated. Use \"boxShadow\"."]}
